const bar = require('bar');
const foo = require('foo');

foo(...bar);
