import type bar from 'bar';

type foo<T: bar> = (arg: T) => void;
