import type Other from 'Other';
import type Some from 'Some';

declare function fancy(cb: Some => Other): void;
