const one = require('one');
const two = require('two');

function foo() {
  switch (one) {
    case two:
      break;
  }
}
