const max = require('max');

`foo ${max(1,2,3)} bar`;
