const one = require('one');
const two = require('two');

if (one) {
  // Nothing.
} else if (two) {
  // Nothing.
} else {
  // Nothing.
}
