const three = require('three');
const two = require('two');

var one = [two, [three]];
