'use strict';

const one = require('one');

one();
