const four = require('four');
const nine = require('nine');
const six = require('six');
const three = require('three');
const two = require('two');

var one = two;
three = four;
var five = six, seven;
var {eight} = nine;
