import type one from 'one';

var two: ?one = null;
