const D = require('D');

const {P, Q} = require('X');
const {aA, aB, B, C} = require('Z');

aA(aB(B, C, D, Q, P))
