const one = require('one');
const two = require('two');

one();


two();
