import type Suit from 'Suit';

const clubs: $Keys<Class<Suit>> = 'Clubs';
