/* @flow */
/**
 * Header comment
 */

function foo() {}
