const five = require('five');

function foo({one: {two, three: [four]}}) {
  five(two, four);
}
