const React = require('React');
const Y = require('Y.mamlas');

const x = <Y />;
