const one = require('one');

var two: ?one = new one();
