const {Z} = require('A');
const {m} = require('B');

const y = Z + m;
