const four = require('four');
const one = require('one');

one(four);
