/**
 * Header comment.
 */

const D = require('D');
const E = require('E');
const F = require('F');

const a = require('a');
const b = require('b');
const c = require('c');

a(b, c, D, E, F);
