const Aoel = require('Aoel');
const Immutable = require('immutable');
const Zena = require('Zena');

Aoel.Map();
Immutable.List();
Zena.Set();
