const X = require('X');

const {a: d, b: C} = require('Y');
const {c} = require('z');

c(d(C, X));
