const Z = require('A').B.c.Y;
const Y = require('AB');

const x = Y + Z;
