const Zaz = require('Zaz');

const foo = require('foo');
const $ = require('jQuery');
const _ = require('underscore');

const r = _($(foo(Zaz)));
