/**
 * Header comment
 */

const one = require('one');

/**
 * Function description.
 */
function foo() {
  one();
}
