var three = require('three');
var two = require('two');

var one = two;
